2026-03-12 22:06:54 [main] INFO  org.example.MusicBotApplication - Starting MusicBotApplication using Java 17.0.18 with PID 14888 (C:\Users\playb\IdeaProjects\DRSMedia\build\classes\java\main started by playb in C:\Users\playb\IdeaProjects\DRSMedia)
2026-03-12 22:06:54 [main] INFO  org.example.MusicBotApplication - No active profile set, falling back to 1 default profile: "default"
2026-03-12 22:06:55 [main] INFO  o.a.catalina.core.StandardService - Starting service [Tomcat]
2026-03-12 22:06:55 [main] INFO  o.a.catalina.core.StandardEngine - Starting Servlet engine: [Apache Tomcat/10.1.52]
2026-03-12 22:06:55 [main] INFO  o.a.c.c.C.[Tomcat].[localhost].[/] - Initializing Spring embedded WebApplicationContext
2026-03-12 22:06:55 [main] INFO  net.bramp.ffmpeg.RunProcessFunction - ffmpeg -version
2026-03-12 22:06:56 [main] INFO  o.e.drsmedia.services.VideoService - FFmpeg инициализирован успешно
2026-03-12 22:06:57 [main] INFO  o.e.d.config.TelegramBotConfig - ✅ Бот зарегистрирован успешно!
2026-03-12 22:06:58 [main] INFO  org.example.MusicBotApplication - Started MusicBotApplication in 4.312 seconds (process running for 4.861)
2026-03-12 22:24:24 [main] INFO  org.example.MusicBotApplication - Starting MusicBotApplication using Java 17.0.18 with PID 1188 (C:\Users\playb\IdeaProjects\DRSMedia\build\classes\java\main started by playb in C:\Users\playb\IdeaProjects\DRSMedia)
2026-03-12 22:24:24 [main] INFO  org.example.MusicBotApplication - No active profile set, falling back to 1 default profile: "default"
2026-03-12 22:24:25 [main] INFO  o.a.catalina.core.StandardService - Starting service [Tomcat]
2026-03-12 22:24:25 [main] INFO  o.a.catalina.core.StandardEngine - Starting Servlet engine: [Apache Tomcat/10.1.52]
2026-03-12 22:24:25 [main] INFO  o.a.c.c.C.[Tomcat].[localhost].[/] - Initializing Spring embedded WebApplicationContext
2026-03-12 22:24:25 [main] INFO  net.bramp.ffmpeg.RunProcessFunction - ffmpeg -version
2026-03-12 22:24:26 [main] INFO  o.e.drsmedia.services.VideoService - FFmpeg инициализирован успешно
2026-03-12 22:24:27 [main] INFO  o.e.d.config.TelegramBotConfig - ✅ Бот зарегистрирован успешно!
2026-03-12 22:24:27 [main] INFO  org.example.MusicBotApplication - Started MusicBotApplication in 3.895 seconds (process running for 4.352)
2026-03-12 22:26:33 [main] INFO  org.example.MusicBotApplication - Starting MusicBotApplication using Java 17.0.18 with PID 11060 (C:\Users\playb\IdeaProjects\DRSMedia\build\classes\java\main started by playb in C:\Users\playb\IdeaProjects\DRSMedia)
2026-03-12 22:26:33 [main] INFO  org.example.MusicBotApplication - No active profile set, falling back to 1 default profile: "default"
2026-03-12 22:26:34 [main] INFO  o.a.catalina.core.StandardService - Starting service [Tomcat]
2026-03-12 22:26:34 [main] INFO  o.a.catalina.core.StandardEngine - Starting Servlet engine: [Apache Tomcat/10.1.52]
2026-03-12 22:26:34 [main] INFO  o.a.c.c.C.[Tomcat].[localhost].[/] - Initializing Spring embedded WebApplicationContext
2026-03-12 22:26:34 [main] INFO  net.bramp.ffmpeg.RunProcessFunction - ffmpeg -version
2026-03-12 22:26:34 [main] INFO  o.e.drsmedia.services.VideoService - FFmpeg инициализирован успешно
2026-03-12 22:26:35 [main] INFO  o.e.d.config.TelegramBotConfig - ✅ Бот зарегистрирован успешно!
2026-03-12 22:26:35 [main] INFO  org.example.MusicBotApplication - Started MusicBotApplication in 2.263 seconds (process running for 2.651)
2026-03-12 22:27:01 [bn_saver_bot Telegram Executor] WARN  o.e.drsmedia.bot.MusicDownloaderBot - Ошибка проверки роли: Error executing org.telegram.telegrambots.meta.api.methods.groupadministration.GetChatMember query: [403] Forbidden: bot was kicked from the supergroup chat
2026-03-12 22:27:51 [bn_saver_bot Telegram Executor] INFO  o.e.drsmedia.services.VideoService - Скачивание [instagram]: https://www.instagram.com/reel/DSfVHF0j51j/?utm_source=ig_web_copy_link&igsh=MzRlODBiNWFlZA==
2026-03-12 22:27:51 [bn_saver_bot Telegram Executor] DEBUG o.e.drsmedia.services.VideoService - Команда: C:\projects\tools\yt-dlp.exe --user-agent Mozilla/5.0 (iPhone; CPU iPhone OS 17_0 like Mac OS X) AppleWebKit/605.1.15 (KHTML, like Gecko) Version/17.0 Mobile/15E148 Safari/604.1 --add-header Referer:https://www.instagram.com/ --socket-timeout 30 --retries 3 -f bestvideo[ext=mp4]+bestaudio[ext=m4a]/best[ext=mp4]/best --merge-output-format mp4 --no-playlist -o C:\Users\playb\AppData\Local\Temp\drs_instagram_8217068054529833403.mp4 https://www.instagram.com/reel/DSfVHF0j51j/?utm_source=ig_web_copy_link&igsh=MzRlODBiNWFlZA==
2026-03-12 22:27:53 [bn_saver_bot Telegram Executor] INFO  o.e.drsmedia.services.VideoService - [yt-dlp] [Instagram] Extracting URL: https://www.instagram.com/reel/DSfVHF0j51j/?utm_source=ig_web_copy_link&igsh=MzRlODBiNWFlZA==
2026-03-12 22:27:53 [bn_saver_bot Telegram Executor] INFO  o.e.drsmedia.services.VideoService - [yt-dlp] [Instagram] DSfVHF0j51j: Setting up session
2026-03-12 22:27:53 [bn_saver_bot Telegram Executor] INFO  o.e.drsmedia.services.VideoService - [yt-dlp] [Instagram] DSfVHF0j51j: Downloading JSON metadata
2026-03-12 22:27:54 [bn_saver_bot Telegram Executor] INFO  o.e.drsmedia.services.VideoService - [yt-dlp] [info] DSfVHF0j51j: Downloading 1 format(s): dash-1493125638439125v+dash-1347470790725744a
2026-03-12 22:27:54 [bn_saver_bot Telegram Executor] INFO  o.e.drsmedia.services.VideoService - [yt-dlp] [download] Destination: C:\Users\playb\AppData\Local\Temp\drs_instagram_8217068054529833403.fdash-1493125638439125v.mp4
2026-03-12 22:27:54 [bn_saver_bot Telegram Executor] INFO  o.e.drsmedia.services.VideoService - [yt-dlp] 
2026-03-12 22:27:54 [bn_saver_bot Telegram Executor] INFO  o.e.drsmedia.services.VideoService - [yt-dlp] [download]   0.0% of    4.26MiB at  500.51KiB/s ETA 00:08
2026-03-12 22:27:54 [bn_saver_bot Telegram Executor] INFO  o.e.drsmedia.services.VideoService - [yt-dlp] [download]   0.1% of    4.26MiB at  749.96KiB/s ETA 00:05
2026-03-12 22:27:54 [bn_saver_bot Telegram Executor] INFO  o.e.drsmedia.services.VideoService - [yt-dlp] [download]   0.2% of    4.26MiB at    1.33MiB/s ETA 00:03
2026-03-12 22:27:54 [bn_saver_bot Telegram Executor] INFO  o.e.drsmedia.services.VideoService - [yt-dlp] [download]   0.3% of    4.26MiB at    2.04MiB/s ETA 00:02
2026-03-12 22:27:54 [bn_saver_bot Telegram Executor] INFO  o.e.drsmedia.services.VideoService - [yt-dlp] [download]   0.7% of    4.26MiB at    3.25MiB/s ETA 00:01
2026-03-12 22:27:54 [bn_saver_bot Telegram Executor] INFO  o.e.drsmedia.services.VideoService - [yt-dlp] [download]   1.4% of    4.26MiB at    5.97MiB/s ETA 00:00
2026-03-12 22:27:54 [bn_saver_bot Telegram Executor] INFO  o.e.drsmedia.services.VideoService - [yt-dlp] [download]   2.9% of    4.26MiB at   10.04MiB/s ETA 00:00
2026-03-12 22:27:54 [bn_saver_bot Telegram Executor] INFO  o.e.drsmedia.services.VideoService - [yt-dlp] [download]   5.8% of    4.26MiB at   17.33MiB/s ETA 00:00
2026-03-12 22:27:54 [bn_saver_bot Telegram Executor] INFO  o.e.drsmedia.services.VideoService - [yt-dlp] [download]  11.7% of    4.26MiB at   25.66MiB/s ETA 00:00
2026-03-12 22:27:54 [bn_saver_bot Telegram Executor] INFO  o.e.drsmedia.services.VideoService - [yt-dlp] [download]  23.5% of    4.26MiB at   24.70MiB/s ETA 00:00
2026-03-12 22:27:55 [bn_saver_bot Telegram Executor] INFO  o.e.drsmedia.services.VideoService - [yt-dlp] [download]  47.0% of    4.26MiB at   25.98MiB/s ETA 00:00
2026-03-12 22:27:55 [bn_saver_bot Telegram Executor] INFO  o.e.drsmedia.services.VideoService - [yt-dlp] [download]  93.9% of    4.26MiB at   33.26MiB/s ETA 00:00
2026-03-12 22:27:55 [bn_saver_bot Telegram Executor] INFO  o.e.drsmedia.services.VideoService - [yt-dlp] [download] 100.0% of    4.26MiB at   34.28MiB/s ETA 00:00
2026-03-12 22:27:55 [bn_saver_bot Telegram Executor] INFO  o.e.drsmedia.services.VideoService - [yt-dlp] [download] 100% of    4.26MiB in 00:00:00 at 15.22MiB/s  
2026-03-12 22:27:55 [bn_saver_bot Telegram Executor] INFO  o.e.drsmedia.services.VideoService - [yt-dlp] [download] Destination: C:\Users\playb\AppData\Local\Temp\drs_instagram_8217068054529833403.fdash-1347470790725744a.m4a
2026-03-12 22:27:55 [bn_saver_bot Telegram Executor] INFO  o.e.drsmedia.services.VideoService - [yt-dlp] 
2026-03-12 22:27:55 [bn_saver_bot Telegram Executor] INFO  o.e.drsmedia.services.VideoService - [yt-dlp] [download]   0.3% of  311.03KiB at  333.33KiB/s ETA 00:00
2026-03-12 22:27:55 [bn_saver_bot Telegram Executor] INFO  o.e.drsmedia.services.VideoService - [yt-dlp] [download]   1.0% of  311.03KiB at  695.92KiB/s ETA 00:00
2026-03-12 22:27:55 [bn_saver_bot Telegram Executor] INFO  o.e.drsmedia.services.VideoService - [yt-dlp] [download]   2.3% of  311.03KiB at    1.28MiB/s ETA 00:00
2026-03-12 22:27:55 [bn_saver_bot Telegram Executor] INFO  o.e.drsmedia.services.VideoService - [yt-dlp] [download]   4.8% of  311.03KiB at    2.31MiB/s ETA 00:00
2026-03-12 22:27:55 [bn_saver_bot Telegram Executor] INFO  o.e.drsmedia.services.VideoService - [yt-dlp] [download]  10.0% of  311.03KiB at    3.64MiB/s ETA 00:00
2026-03-12 22:27:55 [bn_saver_bot Telegram Executor] INFO  o.e.drsmedia.services.VideoService - [yt-dlp] [download]  20.3% of  311.03KiB at    5.96MiB/s ETA 00:00
2026-03-12 22:27:55 [bn_saver_bot Telegram Executor] INFO  o.e.drsmedia.services.VideoService - [yt-dlp] [download]  40.8% of  311.03KiB at   10.06MiB/s ETA 00:00
2026-03-12 22:27:55 [bn_saver_bot Telegram Executor] INFO  o.e.drsmedia.services.VideoService - [yt-dlp] [download]  82.0% of  311.03KiB at   16.25MiB/s ETA 00:00
2026-03-12 22:27:55 [bn_saver_bot Telegram Executor] INFO  o.e.drsmedia.services.VideoService - [yt-dlp] [download] 100.0% of  311.03KiB at   18.61MiB/s ETA 00:00
2026-03-12 22:27:55 [bn_saver_bot Telegram Executor] INFO  o.e.drsmedia.services.VideoService - [yt-dlp] [download] 100% of  311.03KiB in 00:00:00 at 4.51MiB/s   
2026-03-12 22:27:55 [bn_saver_bot Telegram Executor] INFO  o.e.drsmedia.services.VideoService - [yt-dlp] [Merger] Merging formats into "C:\Users\playb\AppData\Local\Temp\drs_instagram_8217068054529833403.mp4"
2026-03-12 22:27:55 [bn_saver_bot Telegram Executor] INFO  o.e.drsmedia.services.VideoService - [yt-dlp] Deleting original file C:\Users\playb\AppData\Local\Temp\drs_instagram_8217068054529833403.fdash-1347470790725744a.m4a (pass -k to keep)
2026-03-12 22:27:55 [bn_saver_bot Telegram Executor] INFO  o.e.drsmedia.services.VideoService - [yt-dlp] Deleting original file C:\Users\playb\AppData\Local\Temp\drs_instagram_8217068054529833403.fdash-1493125638439125v.mp4 (pass -k to keep)
2026-03-12 22:27:55 [bn_saver_bot Telegram Executor] INFO  o.e.drsmedia.services.VideoService - ✅ Скачано: drs_instagram_8217068054529833403.mp4 (4683 KB)
2026-03-12 22:27:57 [bn_saver_bot Telegram Executor] INFO  o.e.drsmedia.services.VideoService - Скачивание [instagram]: https://www.instagram.com/reel/DSfVHF0j51j/?utm_source=ig_web_copy_link&igsh=MzRlODBiNWFlZA==
2026-03-12 22:27:58 [bn_saver_bot Telegram Executor] DEBUG o.e.drsmedia.services.VideoService - Команда: C:\projects\tools\yt-dlp.exe --user-agent Mozilla/5.0 (iPhone; CPU iPhone OS 17_0 like Mac OS X) AppleWebKit/605.1.15 (KHTML, like Gecko) Version/17.0 Mobile/15E148 Safari/604.1 --add-header Referer:https://www.instagram.com/ --socket-timeout 30 --retries 3 -f bestvideo[ext=mp4]+bestaudio[ext=m4a]/best[ext=mp4]/best --merge-output-format mp4 --no-playlist -o C:\Users\playb\AppData\Local\Temp\drs_instagram_5948176195324976799.mp4 https://www.instagram.com/reel/DSfVHF0j51j/?utm_source=ig_web_copy_link&igsh=MzRlODBiNWFlZA==
2026-03-12 22:27:59 [bn_saver_bot Telegram Executor] INFO  o.e.drsmedia.services.VideoService - [yt-dlp] [Instagram] Extracting URL: https://www.instagram.com/reel/DSfVHF0j51j/?utm_source=ig_web_copy_link&igsh=MzRlODBiNWFlZA==
2026-03-12 22:27:59 [bn_saver_bot Telegram Executor] INFO  o.e.drsmedia.services.VideoService - [yt-dlp] [Instagram] DSfVHF0j51j: Setting up session
2026-03-12 22:27:59 [bn_saver_bot Telegram Executor] INFO  o.e.drsmedia.services.VideoService - [yt-dlp] [Instagram] DSfVHF0j51j: Downloading JSON metadata
2026-03-12 22:28:00 [bn_saver_bot Telegram Executor] INFO  o.e.drsmedia.services.VideoService - [yt-dlp] [info] DSfVHF0j51j: Downloading 1 format(s): dash-1493125638439125v+dash-1347470790725744a
2026-03-12 22:28:00 [bn_saver_bot Telegram Executor] INFO  o.e.drsmedia.services.VideoService - [yt-dlp] [download] Destination: C:\Users\playb\AppData\Local\Temp\drs_instagram_5948176195324976799.fdash-1493125638439125v.mp4
2026-03-12 22:28:00 [bn_saver_bot Telegram Executor] INFO  o.e.drsmedia.services.VideoService - [yt-dlp] 
2026-03-12 22:28:00 [bn_saver_bot Telegram Executor] INFO  o.e.drsmedia.services.VideoService - [yt-dlp] [download]   0.0% of    4.26MiB at  Unknown B/s ETA Unknown
2026-03-12 22:28:00 [bn_saver_bot Telegram Executor] INFO  o.e.drsmedia.services.VideoService - [yt-dlp] [download]   0.1% of    4.26MiB at  Unknown B/s ETA Unknown
2026-03-12 22:28:00 [bn_saver_bot Telegram Executor] INFO  o.e.drsmedia.services.VideoService - [yt-dlp] [download]   0.2% of    4.26MiB at    1.71MiB/s ETA 00:02  
2026-03-12 22:28:00 [bn_saver_bot Telegram Executor] INFO  o.e.drsmedia.services.VideoService - [yt-dlp] [download]   0.3% of    4.26MiB at    3.67MiB/s ETA 00:01
2026-03-12 22:28:00 [bn_saver_bot Telegram Executor] INFO  o.e.drsmedia.services.VideoService - [yt-dlp] [download]   0.7% of    4.26MiB at    5.04MiB/s ETA 00:00
2026-03-12 22:28:00 [bn_saver_bot Telegram Executor] INFO  o.e.drsmedia.services.VideoService - [yt-dlp] [download]   1.4% of    4.26MiB at    7.67MiB/s ETA 00:00
2026-03-12 22:28:00 [bn_saver_bot Telegram Executor] INFO  o.e.drsmedia.services.VideoService - [yt-dlp] [download]   2.9% of    4.26MiB at   15.47MiB/s ETA 00:00
2026-03-12 22:28:00 [bn_saver_bot Telegram Executor] INFO  o.e.drsmedia.services.VideoService - [yt-dlp] [download]   5.8% of    4.26MiB at   31.06MiB/s ETA 00:00
2026-03-12 22:28:00 [bn_saver_bot Telegram Executor] INFO  o.e.drsmedia.services.VideoService - [yt-dlp] [download]  11.7% of    4.26MiB at   31.09MiB/s ETA 00:00
2026-03-12 22:28:00 [bn_saver_bot Telegram Executor] INFO  o.e.drsmedia.services.VideoService - [yt-dlp] [download]  23.5% of    4.26MiB at   62.25MiB/s ETA 00:00
2026-03-12 22:28:00 [bn_saver_bot Telegram Executor] INFO  o.e.drsmedia.services.VideoService - [yt-dlp] [download]  47.0% of    4.26MiB at   41.72MiB/s ETA 00:00
2026-03-12 22:28:00 [bn_saver_bot Telegram Executor] INFO  o.e.drsmedia.services.VideoService - [yt-dlp] [download]  93.9% of    4.26MiB at   35.94MiB/s ETA 00:00
2026-03-12 22:28:00 [bn_saver_bot Telegram Executor] INFO  o.e.drsmedia.services.VideoService - [yt-dlp] [download] 100.0% of    4.26MiB at   33.46MiB/s ETA 00:00
2026-03-12 22:28:00 [bn_saver_bot Telegram Executor] INFO  o.e.drsmedia.services.VideoService - [yt-dlp] [download] 100% of    4.26MiB in 00:00:00 at 27.14MiB/s  
2026-03-12 22:28:00 [bn_saver_bot Telegram Executor] INFO  o.e.drsmedia.services.VideoService - [yt-dlp] [download] Destination: C:\Users\playb\AppData\Local\Temp\drs_instagram_5948176195324976799.fdash-1347470790725744a.m4a
2026-03-12 22:28:00 [bn_saver_bot Telegram Executor] INFO  o.e.drsmedia.services.VideoService - [yt-dlp] 
2026-03-12 22:28:00 [bn_saver_bot Telegram Executor] INFO  o.e.drsmedia.services.VideoService - [yt-dlp] [download]   0.3% of  311.03KiB at  Unknown B/s ETA Unknown
2026-03-12 22:28:00 [bn_saver_bot Telegram Executor] INFO  o.e.drsmedia.services.VideoService - [yt-dlp] [download]   1.0% of  311.03KiB at  252.93KiB/s ETA 00:01  
2026-03-12 22:28:00 [bn_saver_bot Telegram Executor] INFO  o.e.drsmedia.services.VideoService - [yt-dlp] [download]   2.3% of  311.03KiB at  590.18KiB/s ETA 00:00
2026-03-12 22:28:00 [bn_saver_bot Telegram Executor] INFO  o.e.drsmedia.services.VideoService - [yt-dlp] [download]   4.8% of  311.03KiB at 1011.13KiB/s ETA 00:00
2026-03-12 22:28:00 [bn_saver_bot Telegram Executor] INFO  o.e.drsmedia.services.VideoService - [yt-dlp] [download]  10.0% of  311.03KiB at    1.91MiB/s ETA 00:00
2026-03-12 22:28:00 [bn_saver_bot Telegram Executor] INFO  o.e.drsmedia.services.VideoService - [yt-dlp] [download]  20.3% of  311.03KiB at    3.88MiB/s ETA 00:00
2026-03-12 22:28:00 [bn_saver_bot Telegram Executor] INFO  o.e.drsmedia.services.VideoService - [yt-dlp] [download]  40.8% of  311.03KiB at    7.82MiB/s ETA 00:00
2026-03-12 22:28:00 [bn_saver_bot Telegram Executor] INFO  o.e.drsmedia.services.VideoService - [yt-dlp] [download]  82.0% of  311.03KiB at   15.71MiB/s ETA 00:00
2026-03-12 22:28:00 [bn_saver_bot Telegram Executor] INFO  o.e.drsmedia.services.VideoService - [yt-dlp] [download] 100.0% of  311.03KiB at   19.16MiB/s ETA 00:00
2026-03-12 22:28:00 [bn_saver_bot Telegram Executor] INFO  o.e.drsmedia.services.VideoService - [yt-dlp] [download] 100% of  311.03KiB in 00:00:00 at 8.05MiB/s   
2026-03-12 22:28:00 [bn_saver_bot Telegram Executor] INFO  o.e.drsmedia.services.VideoService - [yt-dlp] [Merger] Merging formats into "C:\Users\playb\AppData\Local\Temp\drs_instagram_5948176195324976799.mp4"
2026-03-12 22:28:00 [bn_saver_bot Telegram Executor] INFO  o.e.drsmedia.services.VideoService - [yt-dlp] Deleting original file C:\Users\playb\AppData\Local\Temp\drs_instagram_5948176195324976799.fdash-1347470790725744a.m4a (pass -k to keep)
2026-03-12 22:28:00 [bn_saver_bot Telegram Executor] INFO  o.e.drsmedia.services.VideoService - [yt-dlp] Deleting original file C:\Users\playb\AppData\Local\Temp\drs_instagram_5948176195324976799.fdash-1493125638439125v.mp4 (pass -k to keep)
2026-03-12 22:28:00 [bn_saver_bot Telegram Executor] INFO  o.e.drsmedia.services.VideoService - ✅ Скачано: drs_instagram_5948176195324976799.mp4 (4683 KB)
2026-03-12 22:38:47 [main] INFO  org.example.MusicBotApplication - Starting MusicBotApplication using Java 17.0.18 with PID 8360 (C:\Users\playb\IdeaProjects\DRSMedia\build\classes\java\main started by playb in C:\Users\playb\IdeaProjects\DRSMedia)
2026-03-12 22:38:47 [main] INFO  org.example.MusicBotApplication - No active profile set, falling back to 1 default profile: "default"
2026-03-12 22:38:48 [main] INFO  o.a.catalina.core.StandardService - Starting service [Tomcat]
2026-03-12 22:38:48 [main] INFO  o.a.catalina.core.StandardEngine - Starting Servlet engine: [Apache Tomcat/10.1.52]
2026-03-12 22:38:48 [main] INFO  o.a.c.c.C.[Tomcat].[localhost].[/] - Initializing Spring embedded WebApplicationContext
2026-03-12 22:38:48 [main] INFO  net.bramp.ffmpeg.RunProcessFunction - ffmpeg -version
2026-03-12 22:38:48 [main] INFO  o.e.drsmedia.services.VideoService - FFmpeg инициализирован успешно
2026-03-12 22:38:49 [main] INFO  o.e.d.config.TelegramBotConfig - ✅ Бот зарегистрирован успешно!
2026-03-12 22:38:49 [main] INFO  org.example.MusicBotApplication - Started MusicBotApplication in 2.329 seconds (process running for 2.745)
2026-03-12 22:39:39 [bn_saver_bot Telegram Executor] INFO  o.e.drsmedia.services.VideoService - Скачивание [instagram]: https://www.instagram.com/reel/DSfVHF0j51j/?utm_source=ig_web_copy_link&igsh=MzRlODBiNWFlZA==\
2026-03-12 22:39:39 [bn_saver_bot Telegram Executor] DEBUG o.e.drsmedia.services.VideoService - Команда: C:\projects\tools\yt-dlp.exe --user-agent Mozilla/5.0 (iPhone; CPU iPhone OS 17_0 like Mac OS X) AppleWebKit/605.1.15 (KHTML, like Gecko) Version/17.0 Mobile/15E148 Safari/604.1 --add-header Referer:https://www.instagram.com/ --socket-timeout 30 --retries 3 -f bestvideo[ext=mp4]+bestaudio[ext=m4a]/best[ext=mp4]/best --merge-output-format mp4 --no-playlist -o C:\Users\playb\AppData\Local\Temp\drs_instagram_11439261587009452545.mp4 https://www.instagram.com/reel/DSfVHF0j51j/?utm_source=ig_web_copy_link&igsh=MzRlODBiNWFlZA==\
2026-03-12 22:39:40 [bn_saver_bot Telegram Executor] INFO  o.e.drsmedia.services.VideoService - [yt-dlp] [Instagram] Extracting URL: https://www.instagram.com/reel/DSfVHF0j51j/?utm_source=ig_web_copy_link&igsh=MzRlODBiNWFlZA==\
2026-03-12 22:39:40 [bn_saver_bot Telegram Executor] INFO  o.e.drsmedia.services.VideoService - [yt-dlp] [Instagram] DSfVHF0j51j: Setting up session
2026-03-12 22:39:40 [bn_saver_bot Telegram Executor] INFO  o.e.drsmedia.services.VideoService - [yt-dlp] [Instagram] DSfVHF0j51j: Downloading JSON metadata
2026-03-12 22:39:41 [bn_saver_bot Telegram Executor] INFO  o.e.drsmedia.services.VideoService - [yt-dlp] [info] DSfVHF0j51j: Downloading 1 format(s): dash-1493125638439125v+dash-1347470790725744a
2026-03-12 22:39:41 [bn_saver_bot Telegram Executor] INFO  o.e.drsmedia.services.VideoService - [yt-dlp] [download] Destination: C:\Users\playb\AppData\Local\Temp\drs_instagram_11439261587009452545.fdash-1493125638439125v.mp4
2026-03-12 22:39:41 [bn_saver_bot Telegram Executor] INFO  o.e.drsmedia.services.VideoService - [yt-dlp] 
2026-03-12 22:39:41 [bn_saver_bot Telegram Executor] INFO  o.e.drsmedia.services.VideoService - [yt-dlp] [download]   0.0% of    4.26MiB at  167.45KiB/s ETA 00:26
2026-03-12 22:39:41 [bn_saver_bot Telegram Executor] INFO  o.e.drsmedia.services.VideoService - [yt-dlp] [download]   0.1% of    4.26MiB at  429.77KiB/s ETA 00:10
2026-03-12 22:39:41 [bn_saver_bot Telegram Executor] INFO  o.e.drsmedia.services.VideoService - [yt-dlp] [download]   0.2% of    4.26MiB at  780.00KiB/s ETA 00:05
2026-03-12 22:39:41 [bn_saver_bot Telegram Executor] INFO  o.e.drsmedia.services.VideoService - [yt-dlp] [download]   0.3% of    4.26MiB at    1.47MiB/s ETA 00:02
2026-03-12 22:39:41 [bn_saver_bot Telegram Executor] INFO  o.e.drsmedia.services.VideoService - [yt-dlp] [download]   0.7% of    4.26MiB at    2.76MiB/s ETA 00:01
2026-03-12 22:39:41 [bn_saver_bot Telegram Executor] INFO  o.e.drsmedia.services.VideoService - [yt-dlp] [download]   1.4% of    4.26MiB at    5.14MiB/s ETA 00:00
2026-03-12 22:39:41 [bn_saver_bot Telegram Executor] INFO  o.e.drsmedia.services.VideoService - [yt-dlp] [download]   2.9% of    4.26MiB at    8.87MiB/s ETA 00:00
2026-03-12 22:39:41 [bn_saver_bot Telegram Executor] INFO  o.e.drsmedia.services.VideoService - [yt-dlp] [download]   5.8% of    4.26MiB at   17.82MiB/s ETA 00:00
2026-03-12 22:39:41 [bn_saver_bot Telegram Executor] INFO  o.e.drsmedia.services.VideoService - [yt-dlp] [download]  11.7% of    4.26MiB at   29.34MiB/s ETA 00:00
2026-03-12 22:39:41 [bn_saver_bot Telegram Executor] INFO  o.e.drsmedia.services.VideoService - [yt-dlp] [download]  23.5% of    4.26MiB at   26.20MiB/s ETA 00:00
2026-03-12 22:39:41 [bn_saver_bot Telegram Executor] INFO  o.e.drsmedia.services.VideoService - [yt-dlp] [download]  47.0% of    4.26MiB at   24.57MiB/s ETA 00:00
2026-03-12 22:39:41 [bn_saver_bot Telegram Executor] INFO  o.e.drsmedia.services.VideoService - [yt-dlp] [download]  93.9% of    4.26MiB at   26.17MiB/s ETA 00:00
2026-03-12 22:39:41 [bn_saver_bot Telegram Executor] INFO  o.e.drsmedia.services.VideoService - [yt-dlp] [download] 100.0% of    4.26MiB at   25.67MiB/s ETA 00:00
2026-03-12 22:39:41 [bn_saver_bot Telegram Executor] INFO  o.e.drsmedia.services.VideoService - [yt-dlp] [download] 100% of    4.26MiB in 00:00:00 at 19.84MiB/s  
2026-03-12 22:39:41 [bn_saver_bot Telegram Executor] INFO  o.e.drsmedia.services.VideoService - [yt-dlp] [download] Destination: C:\Users\playb\AppData\Local\Temp\drs_instagram_11439261587009452545.fdash-1347470790725744a.m4a
2026-03-12 22:39:41 [bn_saver_bot Telegram Executor] INFO  o.e.drsmedia.services.VideoService - [yt-dlp] 
2026-03-12 22:39:41 [bn_saver_bot Telegram Executor] INFO  o.e.drsmedia.services.VideoService - [yt-dlp] [download]   0.3% of  311.03KiB at  502.37KiB/s ETA 00:00
2026-03-12 22:39:41 [bn_saver_bot Telegram Executor] INFO  o.e.drsmedia.services.VideoService - [yt-dlp] [download]   1.0% of  311.03KiB at  751.22KiB/s ETA 00:00
2026-03-12 22:39:41 [bn_saver_bot Telegram Executor] INFO  o.e.drsmedia.services.VideoService - [yt-dlp] [download]   2.3% of  311.03KiB at    1.36MiB/s ETA 00:00
2026-03-12 22:39:41 [bn_saver_bot Telegram Executor] INFO  o.e.drsmedia.services.VideoService - [yt-dlp] [download]   4.8% of  311.03KiB at    2.02MiB/s ETA 00:00
2026-03-12 22:39:41 [bn_saver_bot Telegram Executor] INFO  o.e.drsmedia.services.VideoService - [yt-dlp] [download]  10.0% of  311.03KiB at    3.67MiB/s ETA 00:00
2026-03-12 22:39:41 [bn_saver_bot Telegram Executor] INFO  o.e.drsmedia.services.VideoService - [yt-dlp] [download]  20.3% of  311.03KiB at    6.65MiB/s ETA 00:00
2026-03-12 22:39:41 [bn_saver_bot Telegram Executor] INFO  o.e.drsmedia.services.VideoService - [yt-dlp] [download]  40.8% of  311.03KiB at   11.02MiB/s ETA 00:00
2026-03-12 22:39:41 [bn_saver_bot Telegram Executor] INFO  o.e.drsmedia.services.VideoService - [yt-dlp] [download]  82.0% of  311.03KiB at   16.34MiB/s ETA 00:00
2026-03-12 22:39:41 [bn_saver_bot Telegram Executor] INFO  o.e.drsmedia.services.VideoService - [yt-dlp] [download] 100.0% of  311.03KiB at   17.61MiB/s ETA 00:00
2026-03-12 22:39:41 [bn_saver_bot Telegram Executor] INFO  o.e.drsmedia.services.VideoService - [yt-dlp] [download] 100% of  311.03KiB in 00:00:00 at 4.65MiB/s   
2026-03-12 22:39:41 [bn_saver_bot Telegram Executor] INFO  o.e.drsmedia.services.VideoService - [yt-dlp] [Merger] Merging formats into "C:\Users\playb\AppData\Local\Temp\drs_instagram_11439261587009452545.mp4"
2026-03-12 22:39:42 [bn_saver_bot Telegram Executor] INFO  o.e.drsmedia.services.VideoService - [yt-dlp] Deleting original file C:\Users\playb\AppData\Local\Temp\drs_instagram_11439261587009452545.fdash-1493125638439125v.mp4 (pass -k to keep)
2026-03-12 22:39:42 [bn_saver_bot Telegram Executor] INFO  o.e.drsmedia.services.VideoService - [yt-dlp] Deleting original file C:\Users\playb\AppData\Local\Temp\drs_instagram_11439261587009452545.fdash-1347470790725744a.m4a (pass -k to keep)
2026-03-12 22:39:42 [bn_saver_bot Telegram Executor] INFO  o.e.drsmedia.services.VideoService - ✅ Скачано: drs_instagram_11439261587009452545.mp4 (4683 KB)
2026-03-12 22:42:01 [main] INFO  org.example.MusicBotApplication - Starting MusicBotApplication using Java 17.0.18 with PID 15176 (C:\Users\playb\IdeaProjects\DRSMedia\build\classes\java\main started by playb in C:\Users\playb\IdeaProjects\DRSMedia)
2026-03-12 22:42:01 [main] INFO  org.example.MusicBotApplication - No active profile set, falling back to 1 default profile: "default"
2026-03-12 22:42:01 [main] INFO  o.a.catalina.core.StandardService - Starting service [Tomcat]
2026-03-12 22:42:01 [main] INFO  o.a.catalina.core.StandardEngine - Starting Servlet engine: [Apache Tomcat/10.1.52]
2026-03-12 22:42:01 [main] INFO  o.a.c.c.C.[Tomcat].[localhost].[/] - Initializing Spring embedded WebApplicationContext
2026-03-12 22:42:01 [main] INFO  net.bramp.ffmpeg.RunProcessFunction - ffmpeg -version
2026-03-12 22:42:02 [main] INFO  o.e.drsmedia.services.VideoService - FFmpeg инициализирован успешно
2026-03-12 22:42:02 [main] INFO  o.e.d.config.TelegramBotConfig - ✅ Бот зарегистрирован успешно!
2026-03-12 22:42:03 [main] INFO  org.example.MusicBotApplication - Started MusicBotApplication in 2.393 seconds (process running for 2.78)
2026-03-12 22:42:39 [main] INFO  org.example.MusicBotApplication - Starting MusicBotApplication using Java 17.0.18 with PID 8744 (C:\Users\playb\IdeaProjects\DRSMedia\build\classes\java\main started by playb in C:\Users\playb\IdeaProjects\DRSMedia)
2026-03-12 22:42:39 [main] INFO  org.example.MusicBotApplication - No active profile set, falling back to 1 default profile: "default"
2026-03-12 22:42:40 [main] INFO  o.a.catalina.core.StandardService - Starting service [Tomcat]
2026-03-12 22:42:40 [main] INFO  o.a.catalina.core.StandardEngine - Starting Servlet engine: [Apache Tomcat/10.1.52]
2026-03-12 22:42:40 [main] INFO  o.a.c.c.C.[Tomcat].[localhost].[/] - Initializing Spring embedded WebApplicationContext
2026-03-12 22:42:40 [main] INFO  net.bramp.ffmpeg.RunProcessFunction - ffmpeg -version
2026-03-12 22:42:40 [main] INFO  o.e.drsmedia.services.VideoService - FFmpeg инициализирован успешно
2026-03-12 22:42:41 [main] INFO  o.e.d.config.TelegramBotConfig - ✅ Бот зарегистрирован успешно!
2026-03-12 22:42:41 [main] INFO  org.example.MusicBotApplication - Started MusicBotApplication in 2.339 seconds (process running for 2.762)
2026-03-12 22:42:44 [bn_saver_bot Telegram Executor] ERROR o.e.drsmedia.bot.MusicDownloaderBot - Ошибка обработки апдейта
java.lang.NullPointerException: Cannot invoke "String.isEmpty()" because "this.text" is null
	at org.telegram.telegrambots.meta.api.methods.send.SendMessage.validate(SendMessage.java:137)
	at org.telegram.telegrambots.bots.DefaultAbsSender.sendMethodRequest(DefaultAbsSender.java:1140)
	at org.telegram.telegrambots.bots.DefaultAbsSender.sendApiMethod(DefaultAbsSender.java:1114)
	at org.telegram.telegrambots.meta.bots.AbsSender.execute(AbsSender.java:64)
	at org.example.drsmedia.bot.MusicDownloaderBot.sendGreeting(MusicDownloaderBot.java:573)
	at org.example.drsmedia.bot.MusicDownloaderBot.handleCallback(MusicDownloaderBot.java:391)
	at org.example.drsmedia.bot.MusicDownloaderBot.onUpdateReceived(MusicDownloaderBot.java:266)
	at java.base/java.util.ArrayList.forEach(ArrayList.java:1511)
	at org.telegram.telegrambots.meta.generics.LongPollingBot.onUpdatesReceived(LongPollingBot.java:27)
	at org.telegram.telegrambots.updatesreceivers.DefaultBotSession$HandlerThread.run(DefaultBotSession.java:312)
2026-03-12 22:44:57 [main] INFO  org.example.MusicBotApplication - Starting MusicBotApplication using Java 17.0.18 with PID 14424 (C:\Users\playb\IdeaProjects\DRSMedia\build\classes\java\main started by playb in C:\Users\playb\IdeaProjects\DRSMedia)
2026-03-12 22:44:57 [main] INFO  org.example.MusicBotApplication - No active profile set, falling back to 1 default profile: "default"
2026-03-12 22:44:57 [main] INFO  o.a.catalina.core.StandardService - Starting service [Tomcat]
2026-03-12 22:44:57 [main] INFO  o.a.catalina.core.StandardEngine - Starting Servlet engine: [Apache Tomcat/10.1.52]
2026-03-12 22:44:57 [main] INFO  o.a.c.c.C.[Tomcat].[localhost].[/] - Initializing Spring embedded WebApplicationContext
2026-03-12 22:44:57 [main] INFO  net.bramp.ffmpeg.RunProcessFunction - ffmpeg -version
2026-03-12 22:44:58 [main] INFO  o.e.drsmedia.services.VideoService - FFmpeg инициализирован успешно
2026-03-12 22:44:58 [main] INFO  o.e.d.config.TelegramBotConfig - ✅ Бот зарегистрирован успешно!
2026-03-12 22:44:59 [main] INFO  org.example.MusicBotApplication - Started MusicBotApplication in 2.349 seconds (process running for 2.744)
2026-03-12 22:45:24 [main] INFO  org.example.MusicBotApplication - Starting MusicBotApplication using Java 17.0.18 with PID 16800 (C:\Users\playb\IdeaProjects\DRSMedia\build\classes\java\main started by playb in C:\Users\playb\IdeaProjects\DRSMedia)
2026-03-12 22:45:24 [main] INFO  org.example.MusicBotApplication - No active profile set, falling back to 1 default profile: "default"
2026-03-12 22:45:25 [main] INFO  o.a.catalina.core.StandardService - Starting service [Tomcat]
2026-03-12 22:45:25 [main] INFO  o.a.catalina.core.StandardEngine - Starting Servlet engine: [Apache Tomcat/10.1.52]
2026-03-12 22:45:25 [main] INFO  o.a.c.c.C.[Tomcat].[localhost].[/] - Initializing Spring embedded WebApplicationContext
2026-03-12 22:45:25 [main] INFO  net.bramp.ffmpeg.RunProcessFunction - ffmpeg -version
2026-03-12 22:45:25 [main] INFO  o.e.drsmedia.services.VideoService - FFmpeg инициализирован успешно
2026-03-12 22:45:25 [main] INFO  o.e.d.config.TelegramBotConfig - ✅ Бот зарегистрирован успешно!
2026-03-12 22:45:26 [main] INFO  org.example.MusicBotApplication - Started MusicBotApplication in 2.215 seconds (process running for 2.612)
2026-03-12 22:45:31 [bn_saver_bot Telegram Executor] ERROR o.e.drsmedia.bot.MusicDownloaderBot - Ошибка обработки апдейта
java.lang.NullPointerException: Cannot invoke "String.isEmpty()" because "this.text" is null
	at org.telegram.telegrambots.meta.api.methods.send.SendMessage.validate(SendMessage.java:137)
	at org.telegram.telegrambots.bots.DefaultAbsSender.sendMethodRequest(DefaultAbsSender.java:1140)
	at org.telegram.telegrambots.bots.DefaultAbsSender.sendApiMethod(DefaultAbsSender.java:1114)
	at org.telegram.telegrambots.meta.bots.AbsSender.execute(AbsSender.java:64)
	at org.example.drsmedia.bot.MusicDownloaderBot.sendGreeting(MusicDownloaderBot.java:573)
	at org.example.drsmedia.bot.MusicDownloaderBot.handleCallback(MusicDownloaderBot.java:391)
	at org.example.drsmedia.bot.MusicDownloaderBot.onUpdateReceived(MusicDownloaderBot.java:266)
	at java.base/java.util.ArrayList.forEach(ArrayList.java:1511)
	at org.telegram.telegrambots.meta.generics.LongPollingBot.onUpdatesReceived(LongPollingBot.java:27)
	at org.telegram.telegrambots.updatesreceivers.DefaultBotSession$HandlerThread.run(DefaultBotSession.java:312)
2026-03-12 22:46:39 [main] INFO  org.example.MusicBotApplication - Starting MusicBotApplication using Java 17.0.18 with PID 14680 (C:\Users\playb\IdeaProjects\DRSMedia\build\classes\java\main started by playb in C:\Users\playb\IdeaProjects\DRSMedia)
2026-03-12 22:46:39 [main] INFO  org.example.MusicBotApplication - No active profile set, falling back to 1 default profile: "default"
2026-03-12 22:46:39 [main] INFO  o.a.catalina.core.StandardService - Starting service [Tomcat]
2026-03-12 22:46:39 [main] INFO  o.a.catalina.core.StandardEngine - Starting Servlet engine: [Apache Tomcat/10.1.52]
2026-03-12 22:46:39 [main] INFO  o.a.c.c.C.[Tomcat].[localhost].[/] - Initializing Spring embedded WebApplicationContext
2026-03-12 22:46:39 [main] INFO  net.bramp.ffmpeg.RunProcessFunction - ffmpeg -version
2026-03-12 22:46:39 [main] INFO  o.e.drsmedia.services.VideoService - FFmpeg инициализирован успешно
2026-03-12 22:46:40 [main] INFO  o.e.d.config.TelegramBotConfig - ✅ Бот зарегистрирован успешно!
2026-03-12 22:46:41 [main] INFO  org.example.MusicBotApplication - Started MusicBotApplication in 2.357 seconds (process running for 2.782)
